// Jest Snapshot v1, https://goo.gl/fbAQLP

exports[`render AddReview 1`] = `
<section
  className="movie-card movie-card--full"
  style={
    Object {
      "backgroundColor": "",
    }
  }
>
  <div
    className="movie-card__header"
  >
    <div
      className="movie-card__bg"
    >
      <img
        alt="Macbeth"
        src="macbeth.jpg"
      />
    </div>
    <h1
      className="visually-hidden"
    >
      WTW
    </h1>
    <header
      className="page-header movie-card__head"
    >
      <div
        className="logo"
      >
        <a
          className="logo__link"
          href="/"
          onClick={[Function]}
        >
          <span
            className="logo__letter logo__letter--1"
          >
            W
          </span>
          <span
            className="logo__letter logo__letter--2"
          >
            T
          </span>
          <span
            className="logo__letter logo__letter--3"
          >
            W
          </span>
        </a>
      </div>
      <nav
        className="breadcrumbs"
      >
        <ul
          className="breadcrumbs__list"
        >
          <li
            className="breadcrumbs__item"
          >
            <a
              className="breadcrumbs__link"
              href="/films/1"
              onClick={[Function]}
            >
              Macbeth
            </a>
          </li>
          <li
            className="breadcrumbs__item"
          >
            <a
              className="breadcrumbs__link"
            >
              Add review
            </a>
          </li>
        </ul>
      </nav>
      <div
        className="user-block"
      >
        <a
          className="user-block__avatar"
          href="/mylist"
          onClick={[Function]}
          style={
            Object {
              "display": "block",
            }
          }
        >
          <img
            alt="asdasd"
            height="63"
            src="https://4.react.pages.academy/wtw/asda.jpg"
            width="63"
          />
        </a>
      </div>
    </header>
    <div
      className="movie-card__poster movie-card__poster--small"
    >
      <img
        alt="Macbeth"
        height="327"
        src="macbeth.jpg"
        width="218"
      />
    </div>
  </div>
  <div
    className="add-review"
  >
    <form
      action="#"
      className="add-review__form"
      onChange={[Function]}
      onSubmit={[Function]}
    >
      <div
        className="rating"
      >
        <div
          className="rating__stars"
          onChange={[Function]}
        >
          <input
            className="rating__input"
            disabled={false}
            id="star-1"
            name="rating"
            type="radio"
            value={1}
          />
          <label
            className="rating__label"
            htmlFor="star-1"
          >
            Rating 
            1
          </label>
          <input
            className="rating__input"
            disabled={false}
            id="star-2"
            name="rating"
            type="radio"
            value={2}
          />
          <label
            className="rating__label"
            htmlFor="star-2"
          >
            Rating 
            2
          </label>
          <input
            className="rating__input"
            disabled={false}
            id="star-3"
            name="rating"
            type="radio"
            value={3}
          />
          <label
            className="rating__label"
            htmlFor="star-3"
          >
            Rating 
            3
          </label>
          <input
            className="rating__input"
            disabled={false}
            id="star-4"
            name="rating"
            type="radio"
            value={4}
          />
          <label
            className="rating__label"
            htmlFor="star-4"
          >
            Rating 
            4
          </label>
          <input
            className="rating__input"
            disabled={false}
            id="star-5"
            name="rating"
            type="radio"
            value={5}
          />
          <label
            className="rating__label"
            htmlFor="star-5"
          >
            Rating 
            5
          </label>
        </div>
      </div>
      <div
        className="add-review__text"
        style={
          Object {
            "backgroundColor": "rgba(0, 0, 0, 0.15)",
            "boxShadow": "",
          }
        }
      >
        <textarea
          className="add-review__textarea"
          id="review-text"
          maxLength={400}
          minLength={50}
          name="review-text"
          onChange={[Function]}
          placeholder="Review text"
          required={true}
        />
        <div
          className="add-review__submit"
        >
          <button
            className="add-review__btn"
            disabled={true}
            type="submit"
          >
            Post
          </button>
        </div>
      </div>
    </form>
  </div>
</section>
`;
